
 Start  Stop   Length Name               Class

 00000H 000E9H 000EAH _TEXT              CODE
 000EAH 001B7H 000CEH CRC_TEXT           CODE
 001B8H 001C6H 0000FH LED_TEXT           CODE
 001C8H 001C8H 00000H _INIT_             INITDATA
 001C8H 001C8H 00000H _INITEND_          INITDATA
 001C8H 001C8H 00000H _EXIT_             EXITDATA
 001C8H 001D7H 00010H _EXITEND_          EXITDATA
 001E0H 001E9H 0000AH _DATA              DATA
 001EAH 003F9H 00210H _BSS               BSS
 003FAH 003FBH 00002H _BSSEND            BSSEND
 00400H 00801H 00402H _STACK             STACK
 00810H 0081FH 00010H _FARHEAP           FARHEAP


Detailed map of segments

 0000:0000 00CB C=CODE   S=_TEXT          G=(none)  M=CHAPTER3\STARTUP.ASM ACBP=68
 0000:00CB 001F C=CODE   S=_TEXT          G=(none)  M=STRLEN     ACBP=28
 000E:000A 00CE C=CODE   S=CRC_TEXT       G=(none)  M=CHAPTER6\CRC.C ACBP=28
 001B:0008 000F C=CODE   S=LED_TEXT       G=(none)  M=CHAPTER2\LED.C ACBP=28
 001C:0008 0000 C=INITDATA S=_INIT_         G=IGROUP  M=CHAPTER3\STARTUP.ASM ACBP=68
 001C:0008 0000 C=INITDATA S=_INITEND_      G=IGROUP  M=CHAPTER3\STARTUP.ASM ACBP=28
 001C:0008 0000 C=EXITDATA S=_EXIT_         G=IGROUP  M=CHAPTER3\STARTUP.ASM ACBP=A8
 001C:0008 0010 C=EXITDATA S=_EXITEND_      G=IGROUP  M=CHAPTER3\STARTUP.ASM ACBP=28
 001E:0000 0000 C=DATA   S=_DATA          G=DGROUP  M=CHAPTER3\STARTUP.ASM ACBP=68
 001E:0000 000A C=DATA   S=_DATA          G=DGROUP  M=CHAPTER6\CRC.C ACBP=48
 001E:000A 0000 C=DATA   S=_DATA          G=DGROUP  M=CHAPTER2\LED.C ACBP=48
 001E:000A 0000 C=DATA   S=_DATA          G=DGROUP  M=STRLEN     ACBP=48
 001E:000A 0010 C=BSS    S=_BSS           G=DGROUP  M=CHAPTER3\STARTUP.ASM ACBP=48
 001E:001A 0200 C=BSS    S=_BSS           G=DGROUP  M=CHAPTER6\CRC.C ACBP=48
 001E:021A 0000 C=BSS    S=_BSS           G=DGROUP  M=CHAPTER2\LED.C ACBP=48
 001E:021A 0000 C=BSS    S=_BSS           G=DGROUP  M=STRLEN     ACBP=48
 001E:021A 0002 C=BSSEND S=_BSSEND        G=DGROUP  M=CHAPTER3\STARTUP.ASM ACBP=48
 0040:0000 0402 C=STACK  S=_STACK         G=(none)  M=CHAPTER3\STARTUP.ASM ACBP=74
 0081:0000 0010 C=FARHEAP S=_FARHEAP       G=(none)  M=CHAPTER3\STARTUP.ASM ACBP=68

  Address         Publics by Name

 000E:004A idle  _CRCCOMPUTE
 000E:000A idle  _CRCINIT
 001E:001A idle  _CRCTABLE
 001E:000A idle  _ERRNO
 000E:0089       _MAIN
 0000:00CB       _STRLEN
 001B:0008       _TOGGLELED
 001E:000E idle  __BRKLVL
 001E:0012 idle  __HEAPBASE
 001E:0016 idle  __HEAPTOP
 001E:000C idle  __PSP

  Address         Publics by Value

 0000:00CB       _STRLEN
 000E:000A idle  _CRCINIT
 000E:004A idle  _CRCCOMPUTE
 000E:0089       _MAIN
 001B:0008       _TOGGLELED
 001E:000A idle  _ERRNO
 001E:000C idle  __PSP
 001E:000E idle  __BRKLVL
 001E:0012 idle  __HEAPBASE
 001E:0016 idle  __HEAPTOP
 001E:001A idle  _CRCTABLE

Program entry point at 0000:0000

