
 Start  Stop   Length Name               Class

 00000H 00119H 0011AH _TEXT              CODE
 0011AH 002A8H 0018FH FLASH_TEXT         CODE
 002A9H 002B7H 0000FH LED_TEXT           CODE
 002B8H 002B8H 00000H _INIT_             INITDATA
 002B8H 002B8H 00000H _INITEND_          INITDATA
 002B8H 002B8H 00000H _EXIT_             EXITDATA
 002B8H 002C7H 00010H _EXITEND_          EXITDATA
 002D0H 002DDH 0000EH _DATA              DATA
 002DEH 002EDH 00010H _BSS               BSS
 002EEH 002EFH 00002H _BSSEND            BSSEND
 002F0H 006F1H 00402H _STACK             STACK
 00700H 0070FH 00010H _FARHEAP           FARHEAP


Detailed map of segments

 0000:0000 00CB C=CODE   S=_TEXT          G=(none)  M=CHAPTER3\STARTUP.ASM ACBP=68
 0000:00CB 0030 C=CODE   S=_TEXT          G=(none)  M=STRCMP     ACBP=28
 0000:00FB 001F C=CODE   S=_TEXT          G=(none)  M=STRLEN     ACBP=28
 0011:000A 018F C=CODE   S=FLASH_TEXT     G=(none)  M=CHAPTER6\FLASH.C ACBP=28
 002A:0009 000F C=CODE   S=LED_TEXT       G=(none)  M=CHAPTER2\LED.C ACBP=28
 002B:0008 0000 C=INITDATA S=_INIT_         G=IGROUP  M=CHAPTER3\STARTUP.ASM ACBP=68
 002B:0008 0000 C=INITDATA S=_INITEND_      G=IGROUP  M=CHAPTER3\STARTUP.ASM ACBP=28
 002B:0008 0000 C=EXITDATA S=_EXIT_         G=IGROUP  M=CHAPTER3\STARTUP.ASM ACBP=A8
 002B:0008 0010 C=EXITDATA S=_EXITEND_      G=IGROUP  M=CHAPTER3\STARTUP.ASM ACBP=28
 002D:0000 0000 C=DATA   S=_DATA          G=DGROUP  M=CHAPTER3\STARTUP.ASM ACBP=68
 002D:0000 000E C=DATA   S=_DATA          G=DGROUP  M=CHAPTER6\FLASH.C ACBP=48
 002D:000E 0000 C=DATA   S=_DATA          G=DGROUP  M=CHAPTER2\LED.C ACBP=48
 002D:000E 0000 C=DATA   S=_DATA          G=DGROUP  M=STRCMP     ACBP=48
 002D:000E 0000 C=DATA   S=_DATA          G=DGROUP  M=STRLEN     ACBP=48
 002D:000E 0010 C=BSS    S=_BSS           G=DGROUP  M=CHAPTER3\STARTUP.ASM ACBP=48
 002D:001E 0000 C=BSS    S=_BSS           G=DGROUP  M=CHAPTER6\FLASH.C ACBP=48
 002D:001E 0000 C=BSS    S=_BSS           G=DGROUP  M=CHAPTER2\LED.C ACBP=48
 002D:001E 0000 C=BSS    S=_BSS           G=DGROUP  M=STRCMP     ACBP=48
 002D:001E 0000 C=BSS    S=_BSS           G=DGROUP  M=STRLEN     ACBP=48
 002D:001E 0002 C=BSSEND S=_BSSEND        G=DGROUP  M=CHAPTER3\STARTUP.ASM ACBP=48
 002F:0000 0402 C=STACK  S=_STACK         G=(none)  M=CHAPTER3\STARTUP.ASM ACBP=74
 0070:0000 0010 C=FARHEAP S=_FARHEAP       G=(none)  M=CHAPTER3\STARTUP.ASM ACBP=68

  Address         Publics by Name

 002D:000E idle  _ERRNO
 0011:00A7 idle  _FLASHERASE
 0011:000A idle  _FLASHWRITE
 0011:011D       _MAIN
 0000:00CB       _STRCMP
 0000:00FB       _STRLEN
 002A:0009       _TOGGLELED
 002D:0012 idle  __BRKLVL
 002D:0016 idle  __HEAPBASE
 002D:001A idle  __HEAPTOP
 002D:0010 idle  __PSP

  Address         Publics by Value

 0000:00CB       _STRCMP
 0000:00FB       _STRLEN
 0011:000A idle  _FLASHWRITE
 0011:00A7 idle  _FLASHERASE
 0011:011D       _MAIN
 002A:0009       _TOGGLELED
 002D:000E idle  _ERRNO
 002D:0010 idle  __PSP
 002D:0012 idle  __BRKLVL
 002D:0016 idle  __HEAPBASE
 002D:001A idle  __HEAPTOP

Program entry point at 0000:0000

