
 Start  Stop   Length Name               Class

 00000H 000EBH 000ECH _TEXT              CODE
 000ECH 003BEH 002D3H MEMTEST_TEXT       CODE
 003BFH 003CDH 0000FH LED_TEXT           CODE
 003D0H 003D0H 00000H _INIT_             INITDATA
 003D0H 003D0H 00000H _INITEND_          INITDATA
 003D0H 003D0H 00000H _EXIT_             EXITDATA
 003D0H 003DFH 00010H _EXITEND_          EXITDATA
 003E0H 003E0H 00000H _DATA              DATA
 003E0H 003EFH 00010H _BSS               BSS
 003F0H 003F1H 00002H _BSSEND            BSSEND
 00400H 00801H 00402H _STACK             STACK
 00810H 0081FH 00010H _FARHEAP           FARHEAP


Detailed map of segments

 0000:0000 00CB C=CODE   S=_TEXT          G=(none)  M=CHAPTER3\STARTUP.ASM ACBP=68
 0000:00CB 0021 C=CODE   S=_TEXT          G=(none)  M=H_LURSH    ACBP=28
 000E:000C 02D3 C=CODE   S=MEMTEST_TEXT   G=(none)  M=CHAPTER6\MEMTEST.C ACBP=28
 003B:000F 000F C=CODE   S=LED_TEXT       G=(none)  M=CHAPTER2\LED.C ACBP=28
 003D:0000 0000 C=INITDATA S=_INIT_         G=IGROUP  M=CHAPTER3\STARTUP.ASM ACBP=68
 003D:0000 0000 C=INITDATA S=_INITEND_      G=IGROUP  M=CHAPTER3\STARTUP.ASM ACBP=28
 003D:0000 0000 C=EXITDATA S=_EXIT_         G=IGROUP  M=CHAPTER3\STARTUP.ASM ACBP=A8
 003D:0000 0010 C=EXITDATA S=_EXITEND_      G=IGROUP  M=CHAPTER3\STARTUP.ASM ACBP=28
 003E:0000 0000 C=DATA   S=_DATA          G=DGROUP  M=CHAPTER3\STARTUP.ASM ACBP=68
 003E:0000 0000 C=DATA   S=_DATA          G=DGROUP  M=CHAPTER6\MEMTEST.C ACBP=48
 003E:0000 0000 C=DATA   S=_DATA          G=DGROUP  M=CHAPTER2\LED.C ACBP=48
 003E:0000 0000 C=DATA   S=_DATA          G=DGROUP  M=H_LURSH    ACBP=48
 003E:0000 0010 C=BSS    S=_BSS           G=DGROUP  M=CHAPTER3\STARTUP.ASM ACBP=48
 003E:0010 0000 C=BSS    S=_BSS           G=DGROUP  M=CHAPTER6\MEMTEST.C ACBP=48
 003E:0010 0000 C=BSS    S=_BSS           G=DGROUP  M=CHAPTER2\LED.C ACBP=48
 003E:0010 0002 C=BSSEND S=_BSSEND        G=DGROUP  M=CHAPTER3\STARTUP.ASM ACBP=48
 0040:0000 0402 C=STACK  S=_STACK         G=(none)  M=CHAPTER3\STARTUP.ASM ACBP=74
 0081:0000 0010 C=FARHEAP S=_FARHEAP       G=(none)  M=CHAPTER3\STARTUP.ASM ACBP=68

  Address         Publics by Name

 0000:00CE       F_LXURSH@
 0000:00CE idle  LXURSH@
 0000:00CB idle  N_LXURSH@
 003E:0000 idle  _ERRNO
 000E:0286       _MAIN
 000E:0031 idle  _MEMTESTADDRESSBUS
 000E:000C idle  _MEMTESTDATABUS
 000E:019B idle  _MEMTESTDEVICE
 003B:000F       _TOGGLELED
 003E:0004 idle  __BRKLVL
 003E:0008 idle  __HEAPBASE
 003E:000C idle  __HEAPTOP
 003E:0002 idle  __PSP

  Address         Publics by Value

 0000:00CB idle  N_LXURSH@
 0000:00CE       F_LXURSH@
 0000:00CE idle  LXURSH@
 000E:000C idle  _MEMTESTDATABUS
 000E:0031 idle  _MEMTESTADDRESSBUS
 000E:019B idle  _MEMTESTDEVICE
 000E:0286       _MAIN
 003B:000F       _TOGGLELED
 003E:0000 idle  _ERRNO
 003E:0002 idle  __PSP
 003E:0004 idle  __BRKLVL
 003E:0008 idle  __HEAPBASE
 003E:000C idle  __HEAPTOP

Program entry point at 0000:0000

