
 Start  Stop   Length Name               Class

 00000H 000CAH 000CBH _TEXT              CODE
 000CBH 0010AH 00040H BLINK_TEXT         CODE
 0010BH 00119H 0000FH LED_TEXT           CODE
 0011CH 0011CH 00000H _INIT_             INITDATA
 0011CH 0011CH 00000H _INITEND_          INITDATA
 0011CH 0011CH 00000H _EXIT_             EXITDATA
 0011CH 0012BH 00010H _EXITEND_          EXITDATA
 00130H 00130H 00000H _DATA              DATA
 00130H 0013FH 00010H _BSS               BSS
 00140H 00141H 00002H _BSSEND            BSSEND
 00150H 00551H 00402H _STACK             STACK
 00560H 0056FH 00010H _FARHEAP           FARHEAP


Detailed map of segments

 0000:0000 00CB C=CODE   S=_TEXT          G=(none)  M=CHAPTER3\STARTUP.ASM ACBP=68
 000C:000B 0040 C=CODE   S=BLINK_TEXT     G=(none)  M=CHAPTER2\BLINK.C ACBP=28
 0010:000B 000F C=CODE   S=LED_TEXT       G=(none)  M=CHAPTER2\LED.C ACBP=28
 0011:000C 0000 C=INITDATA S=_INIT_         G=IGROUP  M=CHAPTER3\STARTUP.ASM ACBP=68
 0011:000C 0000 C=INITDATA S=_INITEND_      G=IGROUP  M=CHAPTER3\STARTUP.ASM ACBP=28
 0011:000C 0000 C=EXITDATA S=_EXIT_         G=IGROUP  M=CHAPTER3\STARTUP.ASM ACBP=A8
 0011:000C 0010 C=EXITDATA S=_EXITEND_      G=IGROUP  M=CHAPTER3\STARTUP.ASM ACBP=28
 0013:0000 0000 C=DATA   S=_DATA          G=DGROUP  M=CHAPTER3\STARTUP.ASM ACBP=68
 0013:0000 0000 C=DATA   S=_DATA          G=DGROUP  M=CHAPTER2\BLINK.C ACBP=48
 0013:0000 0000 C=DATA   S=_DATA          G=DGROUP  M=CHAPTER2\LED.C ACBP=48
 0013:0000 0010 C=BSS    S=_BSS           G=DGROUP  M=CHAPTER3\STARTUP.ASM ACBP=48
 0013:0010 0000 C=BSS    S=_BSS           G=DGROUP  M=CHAPTER2\BLINK.C ACBP=48
 0013:0010 0000 C=BSS    S=_BSS           G=DGROUP  M=CHAPTER2\LED.C ACBP=48
 0013:0010 0002 C=BSSEND S=_BSSEND        G=DGROUP  M=CHAPTER3\STARTUP.ASM ACBP=48
 0015:0000 0402 C=STACK  S=_STACK         G=(none)  M=CHAPTER3\STARTUP.ASM ACBP=74
 0056:0000 0010 C=FARHEAP S=_FARHEAP       G=(none)  M=CHAPTER3\STARTUP.ASM ACBP=68

  Address         Publics by Name

 000C:000B idle  _DELAY
 0013:0000 idle  _ERRNO
 000C:0034       _MAIN
 0010:000B       _TOGGLELED
 0013:0004 idle  __BRKLVL
 0013:0008 idle  __HEAPBASE
 0013:000C idle  __HEAPTOP
 0013:0002 idle  __PSP

  Address         Publics by Value

 000C:000B idle  _DELAY
 000C:0034       _MAIN
 0010:000B       _TOGGLELED
 0013:0000 idle  _ERRNO
 0013:0002 idle  __PSP
 0013:0004 idle  __BRKLVL
 0013:0008 idle  __HEAPBASE
 0013:000C idle  __HEAPTOP

Program entry point at 0000:0000

